$0000 | blk_offset                 | definitions.asm:101
$0000 | cp                         | definitions.asm:22
$0000 | err_allot                  | strings.asm:69
$0000 | ram_start                  | platform-RobotGame.asm:65
$0000 | str_ok                     | strings.asm:13
$0000 | user0                      | platform-RobotGame.asm:82
$0000 | zpage                      | platform-RobotGame.asm:68
$0001 | co                         | definitions.asm:148
$0001 | err_badsource              | strings.asm:70
$0001 | str_compile                | strings.asm:14
$0002 | an                         | definitions.asm:149
$0002 | dp                         | definitions.asm:23
$0002 | err_compileonly            | strings.asm:71
$0002 | scr_offset                 | definitions.asm:102
$0002 | str_redefined              | strings.asm:15
$0003 | asccc                      | definitions.asm:135
$0003 | err_defer                  | strings.asm:72
$0003 | str_wid_forth              | strings.asm:16
$0004 | current_offset             | definitions.asm:105
$0004 | err_divzero                | strings.asm:73
$0004 | im                         | definitions.asm:150
$0004 | str_abc_lower              | strings.asm:17
$0004 | workword                   | definitions.asm:24
$0005 | err_noname                 | strings.asm:74
$0005 | num_wordlists_offset       | definitions.asm:106
$0005 | str_abc_upper              | strings.asm:18
$0006 | err_refill                 | strings.asm:75
$0006 | insrc                      | definitions.asm:26
$0006 | str_wid_editor             | strings.asm:19
$0006 | wordlists_offset           | definitions.asm:108
$0007 | ascbell                    | definitions.asm:136
$0007 | err_state                  | strings.asm:76
$0007 | str_wid_assembler          | strings.asm:20
$0008 | ascbs                      | definitions.asm:137
$0008 | cib                        | definitions.asm:27
$0008 | err_syntax                 | strings.asm:77
$0008 | nn                         | definitions.asm:151
$0008 | str_wid_root               | strings.asm:21
$0009 | err_underflow              | strings.asm:78
$0009 | str_see_flags              | strings.asm:22
$000A | asclf                      | definitions.asm:138
$000A | ciblen                     | definitions.asm:28
$000A | err_negallot               | strings.asm:79
$000A | str_see_nt                 | strings.asm:23
$000B | err_wordlist               | strings.asm:80
$000B | str_see_xt                 | strings.asm:24
$000C | max_wordlists              | definitions.asm:121
$000C | str_see_size               | strings.asm:25
$000C | toin                       | definitions.asm:29
$000D | asccr                      | definitions.asm:139
$000E | asccn                      | definitions.asm:144
$000E | ip                         | definitions.asm:30
$0010 | asccp                      | definitions.asm:143
$0010 | output                     | definitions.asm:31
$0010 | uf                         | definitions.asm:152
$0012 | input                      | definitions.asm:32
$0014 | havekey                    | definitions.asm:33
$0016 | state                      | definitions.asm:34
$0018 | base                       | definitions.asm:35
$001A | nc_limit                   | definitions.asm:36
$001B | ascesc                     | definitions.asm:140
$001C | uf_strip                   | definitions.asm:37
$001E | num_order_offset           | definitions.asm:116
$001E | up                         | definitions.asm:38
$001F | search_order_offset        | definitions.asm:118
$0020 | ascsp                      | definitions.asm:141
$0020 | hc                         | definitions.asm:153
$0020 | status                     | definitions.asm:39
$0022 | tmpbranch                  | definitions.asm:60
$0024 | tmp1                       | definitions.asm:61
$0026 | tmp2                       | definitions.asm:62
$0028 | blkbuffer_offset           | definitions.asm:125
$0028 | tmp3                       | definitions.asm:63
$002A | buffblocknum_offset        | definitions.asm:126
$002A | tmpdsp                     | definitions.asm:64
$002C | buffstatus_offset          | definitions.asm:127
$002C | tmptos                     | definitions.asm:65
$002E | blockread_offset           | definitions.asm:130
$002E | editor1                    | definitions.asm:66
$0030 | blockwrite_offset          | definitions.asm:131
$0030 | editor2                    | definitions.asm:67
$0032 | editor3                    | definitions.asm:68
$0034 | tohold                     | definitions.asm:69
$0036 | scratch                    | definitions.asm:70
$004F | max_line_length            | definitions.asm:157
$0054 | padoffset                  | platform-RobotGame.asm:90
$0078 | dsp0                       | definitions.asm:77
$007F | ascdel                     | definitions.asm:142
$0080 | screen_x                   | definitions.asm:81
$0080 | user_vars                  | definitions.asm:80
$0081 | screen_y                   | definitions.asm:82
$0082 | screen_ptr                 | definitions.asm:83
$0084 | char_ptr                   | definitions.asm:84
$0086 | bank_mode                  | definitions.asm:85
$0088 | cp_main                    | definitions.asm:86
$008A | cp_banked                  | definitions.asm:87
$008C | cp_dict_game               | definitions.asm:88
$008E | cp_dict_char_menu          | definitions.asm:89
$0090 | cp_dict_skill_menu         | definitions.asm:90
$0092 | cp_dict_res_menu           | definitions.asm:91
$0094 | cp_dict_common_menu        | definitions.asm:92
$0096 | dict_which                 | definitions.asm:93
$0098 | no_print                   | definitions.asm:94
$009A | eoc                        | definitions.asm:95
$009C | chartable                  | definitions.asm:96
$009E | debug_xt                   | definitions.asm:97
$009F | debug_address              | definitions.asm:98
$00FF | bsize                      | platform-RobotGame.asm:84
$00FF | rsp0                       | platform-RobotGame.asm:83
$0100 | stack0                     | platform-RobotGame.asm:69
$0200 | buffer0                    | platform-RobotGame.asm:85
$0300 | cp0                        | platform-RobotGame.asm:86
$3C01 | hist_buff                  | platform-RobotGame.asm:71
$C000 | code0                      | taliforth.asm:11
$C000 | forth                      | taliforth.asm:16
$C000 | xt_cold                    | native_words.asm:24
$C00B | _load_zp_loop              | native_words.asm:38
$C021 | _load_user_vars_loop       | native_words.asm:62
$C031 | xt_abort                   | native_words.asm:151
$C033 | xt_quit                    | native_words.asm:163
$C044 | _get_line                  | native_words.asm:184
$C05C | _success                   | native_words.asm:209
$C06A | _stack_ok                  | native_words.asm:227
$C070 | _print                     | native_words.asm:235
$C075 | cold_zp_table              | native_words.asm:249
$C075 | z_abort                    | native_words.asm:242
$C075 | z_cold                     | native_words.asm:241
$C075 | z_quit                     | native_words.asm:243
$C097 | cold_user_table            | native_words.asm:277
$C097 | cold_zp_table_end          | native_words.asm:270
$C0C9 | cold_user_table_end        | native_words.asm:302
$C0C9 | xt_abs                     | native_words.asm:353
$C0DD | _done                      | native_words.asm:369
$C0DD | z_abs                      | native_words.asm:370
$C0DE | xt_accept                  | native_words.asm:383
$C0F0 | _not_zero                  | native_words.asm:398
$C102 | _loop                      | native_words.asm:429
$C121 | _eol                       | native_words.asm:468
$C124 | _buffer_full               | native_words.asm:471
$C12B | _backspace                 | native_words.asm:478
$C135 | *                          | native_words.asm:487
$C147 | _done                      | native_words.asm:612
$C147 | z_accept                   | native_words.asm:640
$C148 | xt_again                   | native_words.asm:721
$C166 | _done                      | native_words.asm:747
$C168 | z_again                    | native_words.asm:751
$C169 | xt_align                   | native_words.asm:766
$C169 | xt_aligned                 | native_words.asm:767
$C169 | z_align                    | native_words.asm:768
$C169 | z_aligned                  | native_words.asm:769
$C16A | xt_allot                   | native_words.asm:783
$C193 | _release                   | native_words.asm:821
$C1C6 | _nega_done                 | native_words.asm:879
$C1D0 | _done                      | native_words.asm:888
$C1D2 | z_allot                    | native_words.asm:891
$C1D3 | xt_allow_native            | native_words.asm:898
$C1DE | z_allow_native             | native_words.asm:904
$C1DF | xt_always_native           | native_words.asm:923
$C1EC | z_always_native            | native_words.asm:930
$C1ED | xt_and                     | native_words.asm:937
$C1FE | z_and                      | native_words.asm:951
$C1FF | xt_backslash               | native_words.asm:994
$C207 | z_backslash                | native_words.asm:1000
$C208 | xt_base                    | native_words.asm:1009
$C210 | z_base                     | native_words.asm:1016
$C211 | xt_begin                   | native_words.asm:1030
$C214 | z_begin                    | native_words.asm:1032
$C215 | xt_bell                    | native_words.asm:1038
$C21A | z_bell                     | native_words.asm:1042
$C21B | xt_bl                      | native_words.asm:1049
$C223 | z_bl                       | native_words.asm:1056
$C224 | xt_bracket_char            | native_words.asm:1343
$C22A | z_bracket_char             | native_words.asm:1346
$C22B | xt_buffer_colon            | native_words.asm:1425
$C231 | z_buffer_colon             | native_words.asm:1428
$C232 | xt_bye                     | native_words.asm:1452
$C235 | xt_c_comma                 | native_words.asm:1463
$C235 | z_bye                      | native_words.asm:1455
$C23F | z_c_comma                  | native_words.asm:1472
$C240 | xt_c_fetch                 | native_words.asm:1479
$C249 | z_c_fetch                  | native_words.asm:1486
$C24A | xt_c_store                 | native_words.asm:1492
$C255 | z_c_store                  | native_words.asm:1503
$C256 | xt_cell_plus               | native_words.asm:1521
$C25F | *                          | native_words.asm:1527
$C265 | _done                      | native_words.asm:1531
$C265 | z_cell_plus                | native_words.asm:1532
$C266 | xt_char                    | native_words.asm:1549
$C274 | _not_empty                 | native_words.asm:1561
$C27C | z_char                     | native_words.asm:1568
$C27D | xt_cmove                   | native_words.asm:1697
$C296 | _page                      | native_words.asm:1716
$C2A5 | _dopartial                 | native_words.asm:1727
$C2A9 | _partial                   | native_words.asm:1731
$C2B2 | _done                      | native_words.asm:1739
$C2B7 | z_cmove                    | native_words.asm:1745
$C2B8 | xt_cmove_up                | native_words.asm:1758
$C2D7 | _outerloop                 | native_words.asm:1782
$C2DA | _innerloop                 | native_words.asm:1786
$C2E1 | _finishpage                | native_words.asm:1792
$C2E5 | _nopartial                 | native_words.asm:1796
$C2ED | _done                      | native_words.asm:1801
$C2F2 | z_cmove_up                 | native_words.asm:1808
$C2F3 | xt_colon                   | native_words.asm:1819
$C2FE | *                          | native_words.asm:1828
$C335 | _done                      | native_words.asm:1879
$C335 | z_colon                    | native_words.asm:1880
$C336 | xt_colon_noname            | native_words.asm:1889
$C341 | *                          | native_words.asm:1898
$C351 | _done                      | native_words.asm:1915
$C351 | z_colon_noname             | native_words.asm:1916
$C352 | xt_comma                   | native_words.asm:1928
$C35F | *                          | native_words.asm:1937
$C369 | _done                      | native_words.asm:1944
$C36B | z_comma                    | native_words.asm:1948
$C36C | xt_compile_comma           | native_words.asm:2075
$C381 | _check_nt                  | native_words.asm:2096
$C38F | *                          | native_words.asm:2107
$C3A4 | _compile_check             | native_words.asm:2124
$C3AD | _check_size_limit          | native_words.asm:2133
$C3C8 | _jumpto_compile_as_jump    | native_words.asm:2155
$C3CB | _compile_as_code           | native_words.asm:2160
$C3E7 | _strip_loop                | native_words.asm:2192
$C3F5 | _next_entry                | native_words.asm:2204
$C401 | _found_entry               | native_words.asm:2214
$C412 | *                          | native_words.asm:2236
$C41F | *                          | native_words.asm:2248
$C41F | _underflow_strip           | native_words.asm:2251
$C436 | *                          | native_words.asm:2278
$C441 | *                          | native_words.asm:2286
$C441 | _specials_done             | native_words.asm:2289
$C457 | _strip_table               | native_words.asm:2314
$C463 | _strip_size                | native_words.asm:2321
$C469 | _compile_as_jump           | native_words.asm:2327
$C481 | *                          | native_words.asm:2346
$C483 | _done                      | native_words.asm:2349
$C483 | z_compile_comma            | native_words.asm:2350
$C484 | xt_compile_only            | native_words.asm:2364
$C48F | z_compile_only             | native_words.asm:2371
$C490 | xt_constant                | native_words.asm:2386
$C490 | xt_value                   | native_words.asm:2385
$C4B0 | adjust_z                   | native_words.asm:2411
$C4CD | z_constant                 | native_words.asm:2438
$C4CD | z_value                    | native_words.asm:2437
$C4CE | xt_cr                      | native_words.asm:2474
$C4D3 | z_cr                       | native_words.asm:2477
$C4D4 | xt_create                  | native_words.asm:2487
$C4E2 | _got_name                  | native_words.asm:2499
$C4FE | _redefined_name            | native_words.asm:2531
$C50E | _new_name                  | native_words.asm:2542
$C516 | _process_name              | native_words.asm:2549
$C581 | _name_loop                 | native_words.asm:2668
$C58E | _store_name                | native_words.asm:2684
$C5A8 | z_create                   | native_words.asm:2710
$C5A9 | xt_d_minus                 | native_words.asm:2718
$C5A9 | xt_dabs                    | native_words.asm:2802
$C5C7 | _done                      | native_words.asm:2827
$C5C7 | z_dabs                     | native_words.asm:2828
$C5C8 | xt_decimal                 | native_words.asm:2835
$C5CE | z_decimal                  | native_words.asm:2840
$C5CF | xt_depth                   | native_words.asm:2934
$C5DD | z_depth                    | native_words.asm:2948
$C5DE | xt_digit_question          | native_words.asm:2961
$C602 | _case_done                 | native_words.asm:2997
$C605 | _checkbase                 | native_words.asm:3003
$C612 | _done                      | native_words.asm:3016
$C612 | z_digit_question           | native_words.asm:3017
$C613 | xt_dnegate                 | native_words.asm:3040
$C62D | z_dnegate                  | native_words.asm:3062
$C62E | xt_question_do             | native_words.asm:3068
$C634 | xt_do                      | native_words.asm:3089
$C636 | do_common                  | native_words.asm:3092
$C643 | _loop                      | native_words.asm:3106
$C652 | *                          | native_words.asm:3118
$C659 | *                          | native_words.asm:3128
$C66D | _compile_do                | native_words.asm:3143
$C670 | *                          | native_words.asm:3147
$C68E | z_do                       | native_words.asm:3172
$C68E | z_question_do              | native_words.asm:3171
$C68F | do_runtime                 | native_words.asm:3175
$C6B3 | do_runtime_end             | native_words.asm:3222
$C6B3 | question_do_runtime        | native_words.asm:3224
$C6C5 | _do_do                     | native_words.asm:3247
$C6C7 | question_do_runtime_end    | native_words.asm:3250
$C6C7 | xt_does                    | native_words.asm:3263
$C6D5 | z_does                     | native_words.asm:3276
$C6D6 | does_runtime               | native_words.asm:3279
$C6DC | *                          | native_words.asm:3294
$C708 | xt_dot                     | native_words.asm:3339
$C729 | z_dot                      | native_words.asm:3353
$C72A | xt_dot_paren               | native_words.asm:3361
$C738 | z_dot_paren                | native_words.asm:3372
$C739 | xt_dot_quote               | native_words.asm:3385
$C743 | z_dot_quote                | native_words.asm:3396
$C744 | xt_dot_s                   | native_words.asm:3440
$C768 | _have_stack                | native_words.asm:3474
$C76F | _loop                      | native_words.asm:3483
$C786 | _done                      | native_words.asm:3503
$C787 | z_dot_s                    | native_words.asm:3505
$C788 | xt_drop                    | native_words.asm:3565
$C78D | z_drop                     | native_words.asm:3571
$C78E | xt_dup                     | native_words.asm:3701
$C79B | z_dup                      | native_words.asm:3712
$C79C | xt_else                    | native_words.asm:3746
$C79C | xt_endof                   | native_words.asm:3747
$C7B5 | z_else                     | native_words.asm:3769
$C7B5 | z_endof                    | native_words.asm:3770
$C7B6 | branch_runtime             | native_words.asm:3775
$C7CA | xt_emit                    | native_words.asm:3809
$C7D1 | emit_a                     | native_words.asm:3816
$C7D4 | xt_endcase                 | native_words.asm:3843
$C7D4 | z_emit                     | native_words.asm:3823
$C7DB | _endcase_loop              | native_words.asm:3854
$C7E6 | _done                      | native_words.asm:3862
$C7E8 | z_endcase                  | native_words.asm:3866
$C7E9 | xt_equal                   | native_words.asm:4107
$C7FC | _false                     | native_words.asm:4121
$C7FE | _done                      | native_words.asm:4123
$C804 | z_equal                    | native_words.asm:4129
$C805 | xt_fill                    | native_words.asm:4173
$C81B | _loop                      | native_words.asm:4191
$C829 | _check_counter             | native_words.asm:4204
$C838 | *                          | native_words.asm:4219
$C842 | _done                      | native_words.asm:4228
$C847 | z_blank                    | native_words.asm:4235
$C847 | z_erase                    | native_words.asm:4236
$C847 | z_fill                     | native_words.asm:4237
$C848 | xt_execute                 | native_words.asm:4244
$C84E | z_execute                  | native_words.asm:4249
$C84F | doexecute                  | native_words.asm:4251
$C85C | xt_exit                    | native_words.asm:4314
$C85D | xt_false                   | native_words.asm:4323
$C85D | z_exit                     | native_words.asm:4316
$C863 | z_false                    | native_words.asm:4329
$C864 | xt_fetch                   | native_words.asm:4335
$C870 | *                          | native_words.asm:4343
$C876 | z_fetch                    | native_words.asm:4348
$C877 | xt_find_name               | native_words.asm:4436
$C87F | _no_debug_pre              | native_words.asm:4450
$C88B | _nonempty                  | native_words.asm:4461
$C88D | _wordlist_loop             | native_words.asm:4465
$C898 | _have_string               | native_words.asm:4474
$C8C9 | _debug_loop                | native_words.asm:4511
$C8D0 | _loop                      | native_words.asm:4520
$C8D0 | _no_debug_which            | native_words.asm:4517
$C8D6 | _compare_string            | native_words.asm:4526
$C8E3 | _compare_first             | native_words.asm:4544
$C900 | _string_loop               | native_words.asm:4576
$C90D | _check_char                | native_words.asm:4590
$C914 | _success_tmp1              | native_words.asm:4597
$C91A | _success                   | native_words.asm:4603
$C924 | _next_entry_tmp1           | native_words.asm:4613
$C92A | _next_entry                | native_words.asm:4619
$C969 | _stuck_done                | native_words.asm:4655
$C973 | _no_debug                  | native_words.asm:4661
$C980 | _debug_done                | native_words.asm:4670
$C98C | _fail_done                 | native_words.asm:4681
$C990 | _done                      | native_words.asm:4684
$C992 | z_find_name                | native_words.asm:4688
$C993 | xt_fm_slash_mod            | native_words.asm:4719
$C9AA | _check_d                   | native_words.asm:4733
$C9BB | _multiply                  | native_words.asm:4747
$C9C9 | _done                      | native_words.asm:4759
$C9C9 | z_fm_slash_mod             | native_words.asm:4760
$C9CA | load_evaluate              | native_words.asm:4779
$C9D0 | xt_evaluate                | native_words.asm:4796
$C9E1 | _got_work                  | native_words.asm:4818
$C9E1 | load_evaluate_start        | native_words.asm:4817
$C9F3 | _nozero                    | native_words.asm:4837
$CA23 | _done                      | native_words.asm:4879
$CA23 | z_evaluate                 | native_words.asm:4880
$CA24 | xt_get_current             | native_words.asm:4894
$CA2E | z_get_current              | native_words.asm:4905
$CA2F | xt_greater_than            | native_words.asm:4960
$CA3C | _false                     | native_words.asm:4972
$CA43 | z_greater_than             | native_words.asm:4980
$CA44 | xt_asm_arrow               | native_words.asm:4990
$CA44 | xt_here                    | native_words.asm:4989
$CA4E | z_asm_arrow                | native_words.asm:4998
$CA4E | z_here                     | native_words.asm:4999
$CA4F | xt_hex                     | native_words.asm:5005
$CA55 | z_hex                      | native_words.asm:5010
$CA56 | xt_hold                    | native_words.asm:5097
$CA5F | *                          | native_words.asm:5103
$CA67 | z_hold                     | native_words.asm:5111
$CA68 | xt_i                       | native_words.asm:5124
$CA81 | z_i                        | native_words.asm:5147
$CA82 | xt_if                      | native_words.asm:5155
$CA92 | z_if                       | native_words.asm:5168
$CA93 | zero_branch_runtime        | native_words.asm:5171
$CAAE | _zero                      | native_words.asm:5202
$CABF | *                          | native_words.asm:5218
$CAC1 | _done                      | native_words.asm:5221
$CACA | xt_immediate               | native_words.asm:5245
$CAD5 | z_immediate                | native_words.asm:5252
$CAD6 | xt_input                   | native_words.asm:5258
$CAE0 | z_input                    | native_words.asm:5266
$CAE1 | xt_input_to_r              | native_words.asm:5291
$CAE9 | _loop                      | native_words.asm:5303
$CAF6 | z_input_to_r               | native_words.asm:5315
$CAF7 | xt_int_to_name             | native_words.asm:5326
$CB00 | _wordlist_loop             | native_words.asm:5339
$CB08 | _no_debug_pre              | native_words.asm:5344
$CB29 | _loop                      | native_words.asm:5371
$CB38 | _no_match                  | native_words.asm:5383
$CB83 | _stuck_address             | native_words.asm:5430
$CB8B | _stuck_done                | native_words.asm:5435
$CB98 | _no_debug                  | native_words.asm:5443
$CBA1 | _zero                      | native_words.asm:5449
$CBA2 | _next_wordlist             | native_words.asm:5453
$CBB6 | _match                     | native_words.asm:5471
$CBC0 | z_int_to_name              | native_words.asm:5482
$CBC1 | xt_invert                  | native_words.asm:5489
$CBD0 | z_invert                   | native_words.asm:5500
$CBD1 | xt_j                       | native_words.asm:5547
$CBEA | z_j                        | native_words.asm:5570
$CBEB | xt_key                     | native_words.asm:5576
$CBF4 | z_key                      | native_words.asm:5588
$CBF5 | key_a                      | native_words.asm:5590
$CBF8 | xt_latestnt                | native_words.asm:5604
$CC05 | z_latestnt                 | native_words.asm:5615
$CC06 | xt_latestxt                | native_words.asm:5621
$CC0C | z_latestxt                 | native_words.asm:5625
$CC0D | xt_leave                   | native_words.asm:5640
$CC12 | xt_left_bracket            | native_words.asm:5658
$CC12 | z_leave                    | native_words.asm:5649
$CC16 | z_left_bracket             | native_words.asm:5662
$CC17 | xt_less_number_sign        | native_words.asm:5682
$CC24 | z_less_number_sign         | native_words.asm:5693
$CC25 | xt_less_than               | native_words.asm:5700
$CC32 | _false                     | native_words.asm:5712
$CC39 | z_less_than                | native_words.asm:5720
$CC3A | xt_literal                 | native_words.asm:5751
$CC47 | z_literal                  | native_words.asm:5762
$CC48 | literal_runtime            | native_words.asm:5764
$CC67 | xt_loop                    | native_words.asm:5889
$CC6E | xt_plus_loop               | native_words.asm:5909
$CC71 | *                          | native_words.asm:5915
$CC8C | *                          | native_words.asm:5939
$CCD4 | z_loop                     | native_words.asm:5994
$CCD4 | z_plus_loop                | native_words.asm:5995
$CCD5 | plus_loop_runtime          | native_words.asm:5998
$CCE5 | _hack                      | native_words.asm:6028
$CCE6 | plus_loop_runtime_end      | native_words.asm:6034
$CCE6 | xt_lshift                  | native_words.asm:6041
$CCF0 | _loop                      | native_words.asm:6051
$CCF7 | _done                      | native_words.asm:6057
$CCF9 | z_lshift                   | native_words.asm:6061
$CCFA | xt_m_star                  | native_words.asm:6075
$CD14 | _done                      | native_words.asm:6100
$CD14 | z_m_star                   | native_words.asm:6101
$CD15 | xt_max                     | native_words.asm:6260
$CD24 | _no_overflow               | native_words.asm:6274
$CD2E | _keep_nos                  | native_words.asm:6284
$CD30 | z_max                      | native_words.asm:6288
$CD31 | xt_min                     | native_words.asm:6300
$CD40 | _no_overflow               | native_words.asm:6314
$CD4A | _keep_nos                  | native_words.asm:6324
$CD4C | z_min                      | native_words.asm:6328
$CD4D | xt_minus                   | native_words.asm:6335
$CD5F | z_minus                    | native_words.asm:6350
$CD60 | xt_mod                     | native_words.asm:6458
$CD68 | z_mod                      | native_words.asm:6465
$CD69 | xt_move                    | native_words.asm:6480
$CD74 | _lsb                       | native_words.asm:6492
$CD7F | _to_move_up                | native_words.asm:6501
$CD82 | _equal                     | native_words.asm:6503
$CD87 | z_move                     | native_words.asm:6510
$CD88 | xt_name_to_int             | native_words.asm:6520
$CD97 | _done                      | native_words.asm:6532
$CDA4 | z_name_to_int              | native_words.asm:6542
$CDA5 | xt_name_to_string          | native_words.asm:6550
$CDBE | z_name_to_string           | native_words.asm:6572
$CDBF | xt_nc_limit                | native_words.asm:6579
$CDC9 | z_nc_limit                 | native_words.asm:6587
$CDCA | xt_negate                  | native_words.asm:6594
$CDDA | z_negate                   | native_words.asm:6606
$CDDB | xt_never_native            | native_words.asm:6611
$CDE8 | z_never_native             | native_words.asm:6618
$CDE9 | xt_nip                     | native_words.asm:6625
$CDF6 | z_nip                      | native_words.asm:6636
$CDF7 | xt_not_equals              | native_words.asm:6647
$CE0C | _not_equal                 | native_words.asm:6664
$CE0D | _done                      | native_words.asm:6667
$CE14 | z_not_equals               | native_words.asm:6674
$CE15 | xt_not_rote                | native_words.asm:6682
$CE30 | z_not_rote                 | native_words.asm:6701
$CE31 | xt_number                  | native_words.asm:6723
$CE46 | *                          | native_words.asm:6742
$CE48 | _check_dot                 | native_words.asm:6745
$CE5B | *                          | native_words.asm:6761
$CE67 | _main                      | native_words.asm:6773
$CE9D | _all_converted             | native_words.asm:6815
$CEB2 | _single                    | native_words.asm:6840
$CEBF | _done                      | native_words.asm:6854
$CEBF | z_number                   | native_words.asm:6855
$CEC0 | xt_number_sign             | native_words.asm:6868
$CEF4 | z_number_sign              | native_words.asm:6904
$CEF5 | xt_number_sign_greater     | native_words.asm:6918
$CF16 | z_number_sign_greater      | native_words.asm:6945
$CF17 | xt_number_sign_s           | native_words.asm:6959
$CF1A | _loop                      | native_words.asm:6961
$CF27 | z_number_sign_s            | native_words.asm:6972
$CF28 | xt_of                      | native_words.asm:6981
$CF40 | z_of                       | native_words.asm:7001
$CF41 | xt_editor_wordlist         | native_words.asm:7008
$CF41 | xt_one                     | native_words.asm:7009
$CF49 | z_editor_wordlist          | native_words.asm:7016
$CF49 | z_one                      | native_words.asm:7017
$CF4A | xt_one_minus               | native_words.asm:7025
$CF53 | *                          | native_words.asm:7031
$CF55 | z_one_minus                | native_words.asm:7034
$CF56 | xt_char_plus               | native_words.asm:7045
$CF56 | xt_one_plus                | native_words.asm:7046
$CF5F | _done                      | native_words.asm:7053
$CF5F | z_char_plus                | native_words.asm:7054
$CF5F | z_one_plus                 | native_words.asm:7055
$CF60 | xt_or                      | native_words.asm:7081
$CF71 | z_or                       | native_words.asm:7095
$CF72 | xt_output                  | native_words.asm:7211
$CF7C | z_output                   | native_words.asm:7224
$CF7D | xt_over                    | native_words.asm:7230
$CF8A | z_over                     | native_words.asm:7241
$CF8B | xt_pad                     | native_words.asm:7252
$CF95 | z_pad                      | native_words.asm:7271
$CF96 | xt_paren                   | native_words.asm:7303
$CFA5 | z_paren                    | native_words.asm:7320
$CFA6 | xt_parse_name              | native_words.asm:7340
$CFC6 | _skip_loop                 | native_words.asm:7373
$CFD3 | *                          | native_words.asm:7382
$CFD9 | *                          | native_words.asm:7387
$CFE1 | _empty_line                | native_words.asm:7393
$CFEC | _char_found                | native_words.asm:7408
$D001 | xt_parse                   | native_words.asm:7455
$D016 | _abort_parse               | native_words.asm:7475
$D01E | _go_parse                  | native_words.asm:7483
$D048 | _loop                      | native_words.asm:7524
$D054 | _not_empty                 | native_words.asm:7533
$D063 | _not_whitespace            | native_words.asm:7557
$D06F | _found_delimiter           | native_words.asm:7569
$D071 | _eol                       | native_words.asm:7574
$D098 | _done                      | native_words.asm:7602
$D098 | z_parse                    | native_words.asm:7604
$D098 | z_parse_name               | native_words.asm:7603
$D099 | xt_pick                    | native_words.asm:7617
$D0A9 | z_pick                     | native_words.asm:7633
$D0AA | xt_plus                    | native_words.asm:7640
$D0BC | z_plus                     | native_words.asm:7655
$D0BD | xt_plus_store              | native_words.asm:7661
$D0DC | z_plus_store               | native_words.asm:7686
$D0DD | xt_question                | native_words.asm:7784
$D0E3 | z_question                 | native_words.asm:7789
$D0E4 | xt_r_fetch                 | native_words.asm:7826
$D0F8 | z_r_fetch                  | native_words.asm:7855
$D0F9 | xt_r_from                  | native_words.asm:7869
$D109 | z_r_from                   | native_words.asm:7896
$D10A | xt_r_to_input              | native_words.asm:7907
$D112 | _loop                      | native_words.asm:7921
$D121 | z_r_to_input               | native_words.asm:7934
$D122 | xt_recurse                 | native_words.asm:7945
$D139 | _nt_in_workword            | native_words.asm:7972
$D154 | _update_cp                 | native_words.asm:7995
$D15E | _done                      | native_words.asm:8002
$D15E | z_recurse                  | native_words.asm:8003
$D15F | xt_refill                  | native_words.asm:8024
$D190 | _src_not_kbd               | native_words.asm:8069
$D19B | _src_not_string            | native_words.asm:8084
$D1A0 | _done                      | native_words.asm:8090
$D1A0 | z_refill                   | native_words.asm:8091
$D1A1 | xt_repeat                  | native_words.asm:8099
$D1AD | z_repeat                   | native_words.asm:8109
$D1AE | xt_right_bracket           | native_words.asm:8118
$D1B4 | z_right_bracket            | native_words.asm:8122
$D1B5 | xt_rot                     | native_words.asm:8146
$D1D0 | z_rot                      | native_words.asm:8163
$D1D1 | xt_rshift                  | native_words.asm:8170
$D1DB | _loop                      | native_words.asm:8179
$D1E2 | _done                      | native_words.asm:8184
$D1E4 | z_rshift                   | native_words.asm:8188
$D1E5 | xt_s_backslash_quote       | native_words.asm:8201
$D1EE | _done                      | native_words.asm:8214
$D1EE | z_s_backslash_quote        | native_words.asm:8215
$D1EF | convert_hex_value          | native_words.asm:8221
$D1FA | _digit                     | native_words.asm:8232
$D1FD | _done                      | native_words.asm:8237
$D1FE | xt_set_current             | native_words.asm:8570
$D209 | z_set_current              | native_words.asm:8581
$D20A | xt_set_order               | native_words.asm:8589
$D222 | _start                     | native_words.asm:8609
$D232 | _loop                      | native_words.asm:8627
$D23D | _done                      | native_words.asm:8641
$D23D | z_set_order                | native_words.asm:8642
$D23E | xt_s_quote                 | native_words.asm:8660
$D242 | s_quote_start              | native_words.asm:8667
$D259 | _savechars_loop            | native_words.asm:8691
$D285 | _refill_ok                 | native_words.asm:8730
$D289 | _input_fine                | native_words.asm:8740
$D29F | _handle_escapes            | native_words.asm:8759
$D2A6 | _escaped                   | native_words.asm:8766
$D2BE | _esc_x_second_digit        | native_words.asm:8794
$D2CA | _check_esc_chars           | native_words.asm:8808
$D2CC | _check_esc_a               | native_words.asm:8814
$D2D5 | _check_esc_b               | native_words.asm:8822
$D2DE | _check_esc_e               | native_words.asm:8830
$D2E6 | _check_esc_f               | native_words.asm:8838
$D2EE | _check_esc_l               | native_words.asm:8846
$D2F6 | _check_esc_m               | native_words.asm:8854
$D303 | _check_esc_n               | native_words.asm:8866
$D30B | _check_esc_q               | native_words.asm:8874
$D313 | _check_esc_r               | native_words.asm:8882
$D31B | _check_esc_t               | native_words.asm:8890
$D323 | _check_esc_v               | native_words.asm:8898
$D32B | _check_esc_z               | native_words.asm:8906
$D333 | _check_esc_quote           | native_words.asm:8914
$D33B | _check_esc_x               | native_words.asm:8922
$D345 | _check_esc_backslash       | native_words.asm:8935
$D34D | _not_escaped               | native_words.asm:8943
$D357 | _regular_char              | native_words.asm:8957
$D35B | _save_character            | native_words.asm:8962
$D35E | _next_character            | native_words.asm:8967
$D364 | _savechars_loop_longjump   | native_words.asm:8973
$D367 | _found_string_end          | native_words.asm:8976
$D36D | *                          | native_words.asm:8981
$D39A | _done                      | native_words.asm:9027
$D39A | z_s_quote                  | native_words.asm:9028
$D39B | xt_s_to_d                  | native_words.asm:9036
$D3AC | _done                      | native_words.asm:9050
$D3AC | z_s_to_d                   | native_words.asm:9051
$D3AD | xt_semicolon               | native_words.asm:9273
$D3C2 | _colonword                 | native_words.asm:9291
$D3FC | _new_word                  | native_words.asm:9356
$D407 | _semicolon_done            | native_words.asm:9365
$D40B | z_semicolon                | native_words.asm:9371
$D40C | xt_sign                    | native_words.asm:9384
$D417 | _minus                     | native_words.asm:9393
$D420 | _done                      | native_words.asm:9399
$D420 | z_sign                     | native_words.asm:9400
$D421 | xt_slash                   | native_words.asm:9414
$D426 | xt_slash_mod               | native_words.asm:9423
$D429 | _common                    | native_words.asm:9428
$D43D | _done                      | native_words.asm:9443
$D43D | z_slash                    | native_words.asm:9445
$D43D | z_slash_mod                | native_words.asm:9444
$D43E | xt_sliteral                | native_words.asm:9501
$D494 | sliteral_const_str         | native_words.asm:9581
$D4AD | z_sliteral                 | native_words.asm:9615
$D4AE | sliteral_runtime           | native_words.asm:9618
$D4DA | xt_sm_slash_rem            | native_words.asm:9678
$D4F8 | *                          | native_words.asm:9708
$D502 | _done                      | native_words.asm:9719
$D502 | z_sm_slash_rem             | native_words.asm:9720
$D503 | xt_source                  | native_words.asm:9727
$D517 | z_source                   | native_words.asm:9744
$D518 | xt_source_id               | native_words.asm:9754
$D522 | z_source_id                | native_words.asm:9763
$D523 | xt_space                   | native_words.asm:9769
$D528 | z_space                    | native_words.asm:9773
$D529 | xt_spaces                  | native_words.asm:9780
$D53A | _quick_loop                | native_words.asm:9797
$D542 | _lots_of_spaces            | native_words.asm:9805
$D544 | _first_slow_loop           | native_words.asm:9810
$D54C | _slow_outer_loop           | native_words.asm:9816
$D54E | _slow_inner_loop           | native_words.asm:9820
$D558 | _done                      | native_words.asm:9828
$D55A | z_spaces                   | native_words.asm:9832
$D55B | xt_star                    | native_words.asm:9844
$D563 | z_star                     | native_words.asm:9851
$D564 | xt_star_slash_mod          | native_words.asm:9885
$D573 | z_star_slash_mod           | native_words.asm:9893
$D574 | xt_state                   | native_words.asm:9905
$D57E | z_state                    | native_words.asm:9913
$D57F | xt_store                   | native_words.asm:9919
$D58C | *                          | native_words.asm:9928
$D594 | z_store                    | native_words.asm:9937
$D595 | xt_strip_underflow         | native_words.asm:9946
$D59F | z_strip_underflow          | native_words.asm:9955
$D5A0 | xt_swap                    | native_words.asm:9962
$D5B3 | z_swap                     | native_words.asm:9975
$D5B4 | xt_then                    | native_words.asm:9981
$D5BD | z_then                     | native_words.asm:9990
$D5BE | xt_tick                    | native_words.asm:10077
$D5CC | *                          | native_words.asm:10088
$D5DA | *                          | native_words.asm:10098
$D5DD | z_tick                     | native_words.asm:10101
$D5DE | xt_to                      | native_words.asm:10124
$D61B | *                          | native_words.asm:10187
$D62A | _interpret                 | native_words.asm:10198
$D639 | _done                      | native_words.asm:10217
$D639 | z_to                       | native_words.asm:10218
$D63A | xt_to_number               | native_words.asm:10321
$D64F | _loop                      | native_words.asm:10343
$D660 | _digit_ok                  | native_words.asm:10361
$D6C3 | *                          | native_words.asm:10442
$D6C7 | _done                      | native_words.asm:10447
$D6D9 | z_to_number                | native_words.asm:10466
$D6DA | xt_to_r                    | native_words.asm:10500
$D6ED | z_to_r                     | native_words.asm:10530
$D6EE | xt_tuck                    | native_words.asm:10549
$D707 | z_tuck                     | native_words.asm:10567
$D708 | xt_assembler_wordlist      | native_words.asm:10574
$D708 | xt_two                     | native_words.asm:10575
$D710 | z_assembler_wordlist       | native_words.asm:10582
$D710 | z_two                      | native_words.asm:10583
$D711 | xt_two_drop                | native_words.asm:10589
$D718 | z_two_drop                 | native_words.asm:10597
$D719 | xt_two_dup                 | native_words.asm:10603
$D730 | z_two_dup                  | native_words.asm:10621
$D731 | xt_two_over                | native_words.asm:10658
$D748 | z_two_over                 | native_words.asm:10678
$D749 | xt_two_r_from              | native_words.asm:10734
$D765 | z_two_r_from               | native_words.asm:10772
$D766 | xt_cells                   | native_words.asm:10798
$D766 | xt_two_star                | native_words.asm:10797
$D76D | z_cells                    | native_words.asm:10803
$D76D | z_two_star                 | native_words.asm:10804
$D76E | xt_two_swap                | native_words.asm:10847
$D791 | z_two_swap                 | native_words.asm:10874
$D792 | xt_two_to_r                | native_words.asm:10887
$D7B1 | z_two_to_r                 | native_words.asm:10923
$D7B2 | xt_type                    | native_words.asm:10998
$D7BD | _loop                      | native_words.asm:11006
$D7CE | *                          | native_words.asm:11020
$D7D4 | *                          | native_words.asm:11025
$D7D8 | _done                      | native_words.asm:11029
$D7DC | z_type                     | native_words.asm:11035
$D7DD | xt_u_dot                   | native_words.asm:11047
$D7E8 | z_u_dot                    | native_words.asm:11054
$D7E9 | xt_u_greater_than          | native_words.asm:11080
$D7FE | z_u_greater_than           | native_words.asm:11095
$D7FF | xt_u_less_than             | native_words.asm:11100
$D814 | z_u_less_than              | native_words.asm:11115
$D815 | xt_um_slash_mod            | native_words.asm:11168
$D823 | _not_zero                  | native_words.asm:11179
$D827 | _loop                      | native_words.asm:11184
$D851 | _done                      | native_words.asm:11219
$D856 | z_um_slash_mod             | native_words.asm:11225
$D857 | xt_um_star                 | native_words.asm:11250
$D871 | _outer_loop                | native_words.asm:11271
$D875 | _inner_loop                | native_words.asm:11275
$D883 | _no_add                    | native_words.asm:11284
$D898 | _zero                      | native_words.asm:11302
$D89C | _done                      | native_words.asm:11305
$D89C | z_um_star                  | native_words.asm:11306
$D89D | xt_unloop                  | native_words.asm:11316
$D8A3 | z_unloop                   | native_words.asm:11329
$D8A4 | xt_until                   | native_words.asm:11335
$D8AE | z_until                    | native_words.asm:11346
$D8AF | xt_useraddr                | native_words.asm:11388
$D8B9 | z_useraddr                 | native_words.asm:11396
$D8BA | xt_variable                | native_words.asm:11415
$D8C7 | *                          | native_words.asm:11427
$D8CF | *                          | native_words.asm:11432
$D8D2 | z_variable                 | native_words.asm:11436
$D8D3 | xt_while                   | native_words.asm:11442
$D8E6 | z_while                    | native_words.asm:11459
$D8E7 | xt_within                  | native_words.asm:11471
$D8FC | z_within                   | native_words.asm:11481
$D8FD | xt_wordlist                | native_words.asm:11566
$D90A | _ok                        | native_words.asm:11580
$D913 | z_wordlist                 | native_words.asm:11588
$D914 | xt_wordsize                | native_words.asm:11696
$D934 | z_wordsize                 | native_words.asm:11725
$D935 | xt_xor                     | native_words.asm:11731
$D946 | z_xor                      | native_words.asm:11745
$D947 | xt_case                    | native_words.asm:11753
$D947 | xt_forth_wordlist          | native_words.asm:11754
$D947 | xt_zero                    | native_words.asm:11755
$D94D | z_case                     | native_words.asm:11760
$D94D | z_forth_wordlist           | native_words.asm:11761
$D94D | z_zero                     | native_words.asm:11762
$D94E | xt_zero_equal              | native_words.asm:11770
$D95B | _zero                      | native_words.asm:11780
$D95D | _store                     | native_words.asm:11783
$D961 | z_zero_equal               | native_words.asm:11787
$D962 | xt_zero_greater            | native_words.asm:11795
$D970 | _done                      | native_words.asm:11806
$D975 | z_zero_greater             | native_words.asm:11811
$D976 | xt_zero_less               | native_words.asm:11819
$D980 | _done                      | native_words.asm:11828
$D985 | z_zero_less                | native_words.asm:11833
$D986 | xt_zero_unequal            | native_words.asm:11841
$D992 | _got_zero                  | native_words.asm:11851
$D997 | z_zero_unequal             | native_words.asm:11856
$D998 | forth_words_start          | taliforth.asm:24
$DA5C | forth_words_end            | taliforth.asm:26
$DA5C | user_words_start           | taliforth.asm:29
$DA5E | nt_bye                     | headers.asm:62
$DA5E | user_words_end             | taliforth.asm:31
$DA69 | nt_cold                    | headers.asm:70
$DA75 | nt_forth_wordlist          | headers.asm:115
$DA8B | nt_set_order               | headers.asm:142
$DA9C | nt_get_current             | headers.asm:148
$DAAF | nt_set_current             | headers.asm:153
$DAC2 | nt_wordlist                | headers.asm:163
$DAD2 | nt_buffer_colon            | headers.asm:272
$DAE1 | nt_useraddr                | headers.asm:278
$DAF1 | nt_endcase                 | headers.asm:304
$DB00 | nt_endof                   | headers.asm:310
$DB0D | nt_of                      | headers.asm:315
$DB17 | nt_case                    | headers.asm:320
$DB23 | nt_while                   | headers.asm:325
$DB30 | nt_until                   | headers.asm:330
$DB3D | nt_repeat                  | headers.asm:335
$DB4B | nt_else                    | headers.asm:340
$DB57 | nt_then                    | headers.asm:345
$DB63 | nt_if                      | headers.asm:350
$DB6D | nt_dot_paren               | headers.asm:355
$DB77 | nt_paren                   | headers.asm:360
$DB80 | nt_dot_s                   | headers.asm:396
$DB8A | nt_bell                    | headers.asm:408
$DB96 | nt_align                   | headers.asm:414
$DBA3 | nt_aligned                 | headers.asm:419
$DBB2 | nt_wordsize                | headers.asm:424
$DBC2 | nt_cr                      | headers.asm:450
$DBCC | nt_input                   | headers.asm:457
$DBD9 | nt_output                  | headers.asm:462
$DBE7 | nt_sign                    | headers.asm:467
$DBF3 | nt_hold                    | headers.asm:472
$DBFF | nt_number_sign_greater     | headers.asm:477
$DC09 | nt_number_sign_s           | headers.asm:482
$DC13 | nt_number_sign             | headers.asm:487
$DC1C | nt_less_number_sign        | headers.asm:492
$DC26 | nt_within                  | headers.asm:502
$DC34 | nt_pad                     | headers.asm:518
$DC3F | nt_cmove                   | headers.asm:524
$DC4C | nt_cmove_up                | headers.asm:529
$DC5A | nt_move                    | headers.asm:534
$DC66 | nt_backslash               | headers.asm:539
$DC6F | nt_star_slash_mod          | headers.asm:549
$DC7C | nt_mod                     | headers.asm:555
$DC87 | nt_slash_mod               | headers.asm:560
$DC93 | nt_slash                   | headers.asm:565
$DC9C | nt_fm_slash_mod            | headers.asm:570
$DCAA | nt_sm_slash_rem            | headers.asm:575
$DCB8 | nt_um_slash_mod            | headers.asm:580
$DCC6 | nt_star                    | headers.asm:585
$DCCF | nt_um_star                 | headers.asm:590
$DCDA | nt_m_star                  | headers.asm:595
$DCE4 | nt_decimal                 | headers.asm:605
$DCF3 | nt_hex                     | headers.asm:611
$DCFE | nt_to_number               | headers.asm:616
$DD0D | nt_number                  | headers.asm:621
$DD1B | nt_digit_question          | headers.asm:626
$DD29 | nt_base                    | headers.asm:631
$DD35 | nt_evaluate                | headers.asm:636
$DD45 | nt_state                   | headers.asm:641
$DD52 | nt_again                   | headers.asm:646
$DD5F | nt_begin                   | headers.asm:651
$DD6C | nt_quit                    | headers.asm:656
$DD78 | nt_recurse                 | headers.asm:661
$DD87 | nt_leave                   | headers.asm:666
$DD94 | nt_unloop                  | headers.asm:671
$DDA2 | nt_exit                    | headers.asm:676
$DDAE | nt_plus_loop               | headers.asm:681
$DDBB | nt_loop                    | headers.asm:686
$DDC7 | nt_j                       | headers.asm:691
$DDD0 | nt_i                       | headers.asm:696
$DDD9 | nt_question_do             | headers.asm:701
$DDE4 | nt_do                      | headers.asm:706
$DDEE | nt_abort                   | headers.asm:716
$DDFB | nt_strip_underflow         | headers.asm:722
$DE12 | nt_nc_limit                | headers.asm:727
$DE22 | nt_allow_native            | headers.asm:732
$DE36 | nt_always_native           | headers.asm:737
$DE4B | nt_never_native            | headers.asm:742
$DE5F | nt_compile_only            | headers.asm:747
$DE73 | nt_immediate               | headers.asm:752
$DE84 | nt_s_backslash_quote       | headers.asm:762
$DE8F | nt_s_quote                 | headers.asm:768
$DE99 | nt_dot_quote               | headers.asm:773
$DEA3 | nt_sliteral                | headers.asm:778
$DEB3 | nt_literal                 | headers.asm:783
$DEC2 | nt_right_bracket           | headers.asm:788
$DECB | nt_left_bracket            | headers.asm:793
$DED4 | nt_compile_comma           | headers.asm:798
$DEE4 | nt_colon_noname            | headers.asm:803
$DEF3 | nt_semicolon               | headers.asm:808
$DEFC | nt_colon                   | headers.asm:813
$DF05 | nt_source_id               | headers.asm:818
$DF16 | nt_source                  | headers.asm:823
$DF24 | nt_parse                   | headers.asm:833
$DF31 | nt_parse_name              | headers.asm:839
$DF43 | nt_latestnt                | headers.asm:844
$DF53 | nt_latestxt                | headers.asm:849
$DF63 | nt_name_to_string          | headers.asm:864
$DF76 | nt_int_to_name             | headers.asm:871
$DF86 | nt_name_to_int             | headers.asm:876
$DF96 | nt_tick                    | headers.asm:886
$DF9F | nt_find_name               | headers.asm:892
$DFB0 | nt_fill                    | headers.asm:897
$DFBC | nt_s_to_d                  | headers.asm:927
$DFC7 | nt_to                      | headers.asm:933
$DFD1 | nt_value                   | headers.asm:938
$DFDE | nt_constant                | headers.asm:943
$DFEE | nt_variable                | headers.asm:948
$DFFE | nt_does                    | headers.asm:953
$E00B | nt_create                  | headers.asm:958
$E019 | nt_allot                   | headers.asm:963
$E026 | nt_key                     | headers.asm:968
$E031 | nt_depth                   | headers.asm:973
$E03E | nt_r_to_input              | headers.asm:983
$E04D | nt_input_to_r              | headers.asm:989
$E05C | nt_accept                  | headers.asm:994
$E06A | nt_refill                  | headers.asm:999
$E078 | nt_bl                      | headers.asm:1020
$E082 | nt_spaces                  | headers.asm:1026
$E090 | nt_c_comma                 | headers.asm:1036
$E09A | nt_dnegate                 | headers.asm:1042
$E0A9 | nt_negate                  | headers.asm:1047
$E0B7 | nt_invert                  | headers.asm:1052
$E0C5 | nt_two_to_r                | headers.asm:1057
$E0D0 | nt_two_r_from              | headers.asm:1062
$E0DB | nt_two_over                | headers.asm:1097
$E0E8 | nt_two_swap                | headers.asm:1104
$E0F5 | nt_two_drop                | headers.asm:1109
$E102 | nt_max                     | headers.asm:1114
$E10D | nt_min                     | headers.asm:1119
$E118 | nt_zero_less               | headers.asm:1124
$E122 | nt_zero_greater            | headers.asm:1129
$E12C | nt_zero_unequal            | headers.asm:1134
$E137 | nt_zero_equal              | headers.asm:1139
$E141 | nt_greater_than            | headers.asm:1144
$E14A | nt_u_greater_than          | headers.asm:1149
$E154 | nt_u_less_than             | headers.asm:1154
$E15E | nt_less_than               | headers.asm:1159
$E167 | nt_not_equals              | headers.asm:1164
$E171 | nt_equal                   | headers.asm:1169
$E17A | nt_two_star                | headers.asm:1179
$E184 | nt_one_plus                | headers.asm:1185
$E18E | nt_one_minus               | headers.asm:1190
$E198 | nt_here                    | headers.asm:1195
$E1A4 | nt_cell_plus               | headers.asm:1200
$E1B1 | nt_cells                   | headers.asm:1205
$E1BE | nt_char_plus               | headers.asm:1215
$E1CB | nt_bracket_char            | headers.asm:1221
$E1D9 | nt_char                    | headers.asm:1226
$E1E5 | nt_pick                    | headers.asm:1231
$E1F1 | nt_lshift                  | headers.asm:1236
$E1FF | nt_rshift                  | headers.asm:1241
$E20D | nt_xor                     | headers.asm:1246
$E218 | nt_or                      | headers.asm:1251
$E222 | nt_and                     | headers.asm:1256
$E22D | nt_dabs                    | headers.asm:1261
$E239 | nt_abs                     | headers.asm:1266
$E244 | nt_minus                   | headers.asm:1271
$E24D | nt_plus                    | headers.asm:1276
$E256 | nt_two_dup                 | headers.asm:1286
$E262 | nt_two                     | headers.asm:1292
$E26B | nt_one                     | headers.asm:1297
$E274 | nt_zero                    | headers.asm:1302
$E27D | nt_space                   | headers.asm:1307
$E28A | nt_false                   | headers.asm:1317
$E297 | nt_question                | headers.asm:1323
$E2A0 | nt_u_dot                   | headers.asm:1359
$E2AA | nt_dot                     | headers.asm:1365
$E2B3 | nt_type                    | headers.asm:1370
$E2BF | nt_emit                    | headers.asm:1375
$E2CB | nt_execute                 | headers.asm:1380
$E2DA | nt_plus_store              | headers.asm:1385
$E2E4 | nt_c_store                 | headers.asm:1390
$E2EE | nt_c_fetch                 | headers.asm:1395
$E2F8 | nt_comma                   | headers.asm:1400
$E301 | nt_tuck                    | headers.asm:1405
$E30D | nt_not_rote                | headers.asm:1410
$E319 | nt_rot                     | headers.asm:1415
$E324 | nt_nip                     | headers.asm:1420
$E32F | nt_r_fetch                 | headers.asm:1425
$E339 | nt_r_from                  | headers.asm:1430
$E343 | nt_to_r                    | headers.asm:1435
$E34D | nt_over                    | headers.asm:1440
$E359 | nt_fetch                   | headers.asm:1445
$E362 | nt_store                   | headers.asm:1450
$E36B | nt_swap                    | headers.asm:1455
$E377 | nt_dup                     | headers.asm:1460
$E382 | dictionary_start           | headers.asm:1466
$E382 | nt_drop                    | headers.asm:1467
$E38E | assembler_dictionary_start | headers.asm:1484
$E38E | editor_dictionary_start    | headers.asm:1483
$E38E | root_dictionary_start      | headers.asm:1482
$E38E | string_table               | strings.asm:29
$E3A8 | s_ok                       | strings.asm:34
$E3AC | s_compiled                 | strings.asm:35
$E3B6 | s_redefined                | strings.asm:36
$E3C1 | s_abc_lower                | strings.asm:38
$E3E5 | s_abc_upper                | strings.asm:39
$E409 | s_wid_asm                  | strings.asm:46
$E40A | s_wid_editor               | strings.asm:47
$E40B | s_wid_forth                | strings.asm:48
$E40C | s_wid_root                 | strings.asm:49
$E40D | s_see_flags                | strings.asm:56
$E40E | s_see_nt                   | strings.asm:57
$E40F | s_see_xt                   | strings.asm:58
$E410 | s_see_size                 | strings.asm:59
$E411 | error_table                | strings.asm:83
$E429 | es_allot                   | strings.asm:89
$E44A | es_badsource               | strings.asm:90
$E46A | es_compileonly             | strings.asm:91
$E48B | es_defer                   | strings.asm:92
$E4A8 | es_divzero                 | strings.asm:93
$E4B9 | es_noname                  | strings.asm:94
$E4C9 | es_refill                  | strings.asm:95
$E4F7 | es_state                   | strings.asm:96
$E50F | es_syntax                  | strings.asm:97
$E51E | es_underflow               | strings.asm:98
$E52E | es_negallot                | strings.asm:99
$E54A | es_wordlist                | strings.asm:100
$E561 | cmpl_subroutine            | taliforth.asm:55
$E566 | cmpl_jump                  | taliforth.asm:60
$E569 | cmpl_common                | taliforth.asm:64
$E56D | cmpl_word                  | taliforth.asm:70
$E571 | cmpl_a                     | taliforth.asm:74
$E579 | _done                      | taliforth.asm:82
$E57A | doconst                    | taliforth.asm:90
$E58E | dodefer                    | taliforth.asm:119
$E5A2 | defer_error                | taliforth.asm:141
$E5A7 | dodoes                     | taliforth.asm:146
$E5AD | *                          | taliforth.asm:160
$E5B9 | *                          | taliforth.asm:175
$E5C0 | dovar                      | taliforth.asm:186
$E5C6 | *                          | taliforth.asm:201
$E5CE | byte_to_ascii              | taliforth.asm:214
$E5D7 | _nibble_to_ascii           | taliforth.asm:227
$E5E1 | *                          | taliforth.asm:237
$E5E5 | compare_16bit              | taliforth.asm:242
$E5F5 | _equal                     | taliforth.asm:269
$E5FB | _overflow                  | taliforth.asm:274
$E5FD | _not_equal                 | taliforth.asm:277
$E5FF | _done                      | taliforth.asm:279
$E600 | current_to_dp              | taliforth.asm:283
$E613 | dp_to_current              | taliforth.asm:306
$E626 | _loop                      | taliforth.asm:338
$E626 | interpret                  | taliforth.asm:327
$E657 | _single_number             | taliforth.asm:390
$E663 | _got_name_token            | taliforth.asm:401
$E68B | _interpret                 | taliforth.asm:439
$E691 | _compile                   | taliforth.asm:450
$E69F | _line_done                 | taliforth.asm:464
$E6A4 | is_printable               | taliforth.asm:475
$E6AF | _failed                    | taliforth.asm:490
$E6B0 | _done                      | taliforth.asm:492
$E6B1 | is_whitespace              | taliforth.asm:497
$E6BC | _failed                    | taliforth.asm:513
$E6BD | _done                      | taliforth.asm:515
$E6BE | underflow_1                | taliforth.asm:523
$E6C3 | underflow_2                | taliforth.asm:528
$E6C8 | underflow_3                | taliforth.asm:533
$E6CD | underflow_4                | taliforth.asm:538
$E6D2 | underflow_error            | taliforth.asm:544
$E6D4 | error                      | taliforth.asm:566
$E6F1 | _no_hang                   | taliforth.asm:590
$E6F4 | print_string_no_lf         | taliforth.asm:609
$E701 | print_common               | taliforth.asm:624
$E703 | _loop                      | taliforth.asm:631
$E70D | _done                      | taliforth.asm:638
$E70E | print_string               | taliforth.asm:642
$E714 | print_u                    | taliforth.asm:650
$E723 | platform_bye               | platform-RobotGame.asm:103
$E724 | kernel_init                | platform-RobotGame.asm:136
$E724 | v_irq                      | platform-RobotGame.asm:135
$E724 | v_nmi                      | platform-RobotGame.asm:133
$E724 | v_reset                    | platform-RobotGame.asm:134
$E756 | *                          | platform-RobotGame.asm:190
$E761 | _done                      | platform-RobotGame.asm:195
$E764 | _loop                      | platform-RobotGame.asm:207
$E764 | kernel_getc                | platform-RobotGame.asm:199
$E76D | kernal_getc_done           | platform-RobotGame.asm:216
$E76E | kernel_putc                | platform-RobotGame.asm:222
$E776 | kernal_putc_bell           | platform-RobotGame.asm:233
$E780 | kernal_putc_no_print       | platform-RobotGame.asm:241
$E788 | kernal_putc_bank_switch    | platform-RobotGame.asm:249
$E78C | kernal_putc_chartable      | platform-RobotGame.asm:253
$EA8C | kernal_putc_code           | platform-RobotGame.asm:255
$EA95 | kernal_putc_y_loop         | platform-RobotGame.asm:268
$EA9C | kernal_putc_y_done         | platform-RobotGame.asm:273
$EAA2 | kernal_putc_x_loop         | platform-RobotGame.asm:279
$EAA9 | kernal_putc_x_done         | platform-RobotGame.asm:284
$EABA | kernal_putc_trampoline     | platform-RobotGame.asm:298
$EABD | kernal_putc_not_backspace  | platform-RobotGame.asm:300
$EAD0 | kernal_putc_char_ptr       | platform-RobotGame.asm:316
$EAD9 | kernal_putc_char_ptr_loop  | platform-RobotGame.asm:322
$EADC | kernal_putc_char_ptr_done  | platform-RobotGame.asm:325
$EAE0 | kernal_putc_loop_outer     | platform-RobotGame.asm:330
$EAE7 | kernal_putc_loop_inner     | platform-RobotGame.asm:336
$EAEF | kernal_putc_fgcolor        | platform-RobotGame.asm:342
$EB14 | kernal_putc_print_done     | platform-RobotGame.asm:367
$EB1B | kernal_putc_adjust         | platform-RobotGame.asm:374
$EB33 | kernal_putc_scroll         | platform-RobotGame.asm:394
$EB47 | kernal_putc_blank          | platform-RobotGame.asm:406
$EB51 | kernal_putc_no_scroll      | platform-RobotGame.asm:415
$EB53 | kernal_putc_no_adjust      | platform-RobotGame.asm:417
$EB55 | kernal_putc_done           | platform-RobotGame.asm:419
$EB59 | s_kernel_id                | platform-RobotGame.asm:428
$EB76 | code_end                   | platform-RobotGame.asm:433
$FFDF | cp_end                     | platform-RobotGame.asm:88
$FFDF | ram_end                    | platform-RobotGame.asm:67
